
 will be in the working directory
julien@ubuntu:/tmp/h$ ls -l
total 8
-rwxrw-r-- 1 julien julien 28 Sep 20 14:26 5-execute
-rw-rw-r-- 1 julien julien 23 Sep 20 14:25 hello
julien@ubuntu:/tmp/h$ ./hello
bash: ./hello: Permission denied
julien@ubuntu:/tmp/h$ ./5-execute 
julien@ubuntu:/tmp/h$ ls -l
total 8
-rwxrw-r-- 1 julien julien 28 Sep 20 14:26 5-execute
-rwxrw-r-- 1 julien julien 23 Sep 20 14:25 hello
julien@ubuntu:/tmp/h$ 
Repo:

GitHub repository: alx-system_engineering-devops
Directory: 0x01-shell_permissions
 will be in the working directory
You are not allowed to use commas for this script
julien@ubuntu:/tmp/h$ ls -l
total 8
-rwxrw-r-- 1 julien julien 28 Sep 20 14:35 7-everybody
-rw-r----- 1 julien julien 23 Sep 20 14:25 hello
julien@ubuntu:/tmp/h$ ./7-everybody 
julien@ubuntu:/tmp/h$ ls -l
total 8
-rwxrw-r-- 1 julien julien 28 Sep 20 14:35 7-everybody
-rwxr-x--x 1 julien julien 23 Sep 20 14:25 hello
julien@ubuntu:/tmp/h$ 
Repo:

GitHub repository: alx-system_engineering-devops
Directory: 0x01-shell_permissions
File: 7-everybody
